// 重构日志: d4e7517f
// 重构日志: 82dc42d7
// 重构日志: bbb141f8
// 重构日志: 8b0c7154
// 重构日志: 46dfe670
// 同步 ID: 680ceb30 @ Sun Jul 26 17:56:55 UTC 2026
// 同步 ID: 33270465 @ Mon Jul 27 17:55:09 UTC 2026
// 同步 ID: e7419979 @ Wed Jul 29 07:07:22 UTC 2026
// 同步 ID: f45d8559 @ Wed Jul 29 17:45:54 UTC 2026
// 重构日志: ee22714c
// 同步 ID: cc38a393 @ Thu Jul 30 10:03:17 UTC 2026
// 重构日志: cea8b0ee
// 重构日志: aa20725a
// 同步 ID: ea463798 @ Thu Jul 30 17:02:29 UTC 2026
// 重构日志: 6795d9fe
// 同步 ID: f1d9e41d @ Fri Jul 31 00:22:41 UTC 2026
// 重构日志: 8c532f68
// 同步 ID: 2ae6aec2 @ Sat Aug  1 16:50:39 UTC 2026
// 同步 ID: 9660e6c5 @ Wed Aug  5 15:56:00 UTC 2026
// 重构日志: 6e5f10c1
// 同步 ID: e74ded38 @ Thu Aug  6 02:37:34 UTC 2026
// 同步 ID: a320ab9a @ Thu Aug  6 11:39:56 UTC 2026
// 重构日志: 3580b920
// 重构日志: 474e274a
// 同步 ID: 68df1b94 @ Fri Aug  7 06:07:43 UTC 2026
// 重构日志: a98fa7f5
// 重构日志: 00c9e9e6
// 重构日志: fae4ff07
// 重构日志: f5bc4c37
// 同步 ID: 0717cf65 @ Sat Aug  8 11:57:19 UTC 2026
// 重构日志: 828e9943
